<!doctype html>
<html class="no-js" lang="en">
  <head>
    <meta charset="utf-8">
  </head>
  <body>
<p>Hello World!</p>
  </body>
</html>
