<!doctype html>
<html class="no-js" lang="en">
  <head>
    <meta charset="utf-8">
  </head>
  <body>
<h1>content overridden from page</h1>
  </body>
</html>
