<!doctype html>
<html class="no-js" lang="en">
  <head>
    <meta charset="utf-8">
  </head>
  <body>
 Title inside of partialA Title

  </body>
</html>
