<!doctype html>
<html class="no-js" lang="en">
  <head>
    <meta charset="utf-8">
  </head>
  <body>
<div>
  <h2>This is the header</h2>
</div>

  </body>
</html>
