<!doctype html>
<html class="no-js" lang="en">
  <head>
    <meta charset="utf-8">
  </head>
  <body>
<p>partial a</p>
<p>partial b</p>
  </body>
</html>
